V3 4
FL "C:/Users/Dell/Documents/aprender vhdl/capitulo 21/exercicio21.8/somadorcomsinal2.vhd" 2019/09/18.19:04:54 P.20131013
EN work/somadorcomsinalesemsinal2 1572466837 \
      FL "C:/Users/Dell/Documents/aprender vhdl/capitulo 21/exercicio21.8/somadorcomsinal2.vhd" \
      PB ieee/std_logic_1164 1381692176 PB ieee/NUMERIC_STD 1381692181
AR work/somadorcomsinalesemsinal2/Behavioral 1572466838 \
      FL "C:/Users/Dell/Documents/aprender vhdl/capitulo 21/exercicio21.8/somadorcomsinal2.vhd" \
      EN work/somadorcomsinalesemsinal2 1572466837
FL "C:/Users/Dell/Documents/aprender vhdl/exercicio21.8/somadorcomsinal2.vhd" 2019/09/18.18:27:45 P.20131013
