V3 3
FL "C:/Users/Dell/Documents/aprender vhdl/exercicio23.2b/signalgenerator.vhd" 2019/11/06.18:50:54 P.20131013
EN work/signalgenerator 1573077057 \
      FL "C:/Users/Dell/Documents/aprender vhdl/exercicio23.2b/signalgenerator.vhd" \
      PB ieee/std_logic_1164 1381692176
AR work/signalgenerator/Behavioral 1573077058 \
      FL "C:/Users/Dell/Documents/aprender vhdl/exercicio23.2b/signalgenerator.vhd" \
      EN work/signalgenerator 1573077057
