PB constants constants "C:/Users/Dell/Documents/aprender vhdl/contagemdeeros/constants.vhd" sub00/vhpl03 1566938175
PH constants NULL "C:/Users/Dell/Documents/aprender vhdl/contagemdeeros/constants.vhd" sub00/vhpl02 1566938174
EN contagemdezeros NULL "C:/Users/Dell/Documents/aprender vhdl/contagemdeeros/contagemdezeros.vhd" sub00/vhpl00 1566938176
AR contagemdezeros behavioral "C:/Users/Dell/Documents/aprender vhdl/contagemdeeros/contagemdezeros.vhd" sub00/vhpl01 1566938177
