V3 5
FL "C:/Users/Dell/Documents/aprender vhdl/creating_matrix_and_operating/teste.vhd" 2020/02/12.14:54:17 P.20131013
EN work/teste 1581530059 \
      FL "C:/Users/Dell/Documents/aprender vhdl/creating_matrix_and_operating/teste.vhd" \
      PB ieee/std_logic_1164 1381692176 PB ieee/std_logic_arith 1381692177 \
      PB ieee/STD_LOGIC_UNSIGNED 1381692179
AR work/teste/Behavioral 1581530060 \
      FL "C:/Users/Dell/Documents/aprender vhdl/creating_matrix_and_operating/teste.vhd" \
      EN work/teste 1581530059 CP image1 CP image2
