V3 3
FL "C:/Users/Dell/Documents/aprender vhdl/exemplocontadorlivro/exmplocontaadorlivro.vhd" 2019/08/27.14:50:28 P.20131013
EN work/exemplocontaadorlivro 1566928229 \
      FL "C:/Users/Dell/Documents/aprender vhdl/exemplocontadorlivro/exmplocontaadorlivro.vhd" \
      PB ieee/std_logic_1164 1381692176
AR work/exemplocontaadorlivro/counter 1566928230 \
      FL "C:/Users/Dell/Documents/aprender vhdl/exemplocontadorlivro/exmplocontaadorlivro.vhd" \
      EN work/exemplocontaadorlivro 1566928229
