V3 4
FL "C:/Users/Dell/Documents/aprender vhdl/capitulo 20/exercicio20.7/detectordeparidade.vhd" 2019/09/04.16:40:36 P.20131013
EN work/detectordeparidade 1572466396 \
      FL "C:/Users/Dell/Documents/aprender vhdl/capitulo 20/exercicio20.7/detectordeparidade.vhd" \
      PB ieee/std_logic_1164 1381692176
AR work/detectordeparidade/Behavioral 1572466397 \
      FL "C:/Users/Dell/Documents/aprender vhdl/capitulo 20/exercicio20.7/detectordeparidade.vhd" \
      EN work/detectordeparidade 1572466396
FL "C:/Users/Dell/Documents/aprender vhdl/exercicio20.7/detectordeparidade.vhd" 2019/09/04.16:36:34 P.20131013
