V3 3
FL "C:/Users/Dell/Documents/aprender vhdl/exerccio21.4/comparador.vhd" 2019/09/10.16:13:08 P.20131013
EN work/comparador 1568142790 \
      FL "C:/Users/Dell/Documents/aprender vhdl/exerccio21.4/comparador.vhd" \
      PB ieee/std_logic_1164 1381692176
AR work/comparador/Behavioral 1568142791 \
      FL "C:/Users/Dell/Documents/aprender vhdl/exerccio21.4/comparador.vhd" \
      EN work/comparador 1568142790
