V3 4
FL "C:/Users/Dell/Documents/aprender vhdl/capitulo 20/exercicio20.4/codificadordeprioridade.vhd" 2019/10/30.17:10:23 P.20131013
EN work/codificadordeprioridade 1572466226 \
      FL "C:/Users/Dell/Documents/aprender vhdl/capitulo 20/exercicio20.4/codificadordeprioridade.vhd" \
      PB ieee/std_logic_1164 1381692176
AR work/codificadordeprioridade/Behavioral 1572466227 \
      FL "C:/Users/Dell/Documents/aprender vhdl/capitulo 20/exercicio20.4/codificadordeprioridade.vhd" \
      EN work/codificadordeprioridade 1572466226
FL "C:/Users/Dell/Documents/aprender vhdl/exercicio20.4/codificadordeprioridade.vhd" 2019/09/02.16:10:20 P.20131013
