V3 3
FL "C:/Users/Dell/Documents/aprender vhdl/laplacian_filter/laplaciano.vhd" 2020/02/21.11:51:17 P.20131013
EN work/laplaciano 1582296680 \
      FL "C:/Users/Dell/Documents/aprender vhdl/laplacian_filter/laplaciano.vhd" \
      PB ieee/std_logic_1164 1381692176 PB ieee/NUMERIC_STD 1381692181 \
      PB std/TEXTIO 1381692176
AR work/laplaciano/behavioral 1582296681 \
      FL "C:/Users/Dell/Documents/aprender vhdl/laplacian_filter/laplaciano.vhd" \
      EN work/laplaciano 1582296680
