V3 3
FL "C:/Users/Dell/Documents/aprender vhdl/exercicio23.4b/signalgenerator.vhd" 2019/11/11.15:46:00 P.20131013
EN work/signalgenerator 1573498008 \
      FL "C:/Users/Dell/Documents/aprender vhdl/exercicio23.4b/signalgenerator.vhd" \
      PB ieee/std_logic_1164 1381692176
AR work/signalgenerator/Behavioral 1573498009 \
      FL "C:/Users/Dell/Documents/aprender vhdl/exercicio23.4b/signalgenerator.vhd" \
      EN work/signalgenerator 1573498008
