EN multiplexer NULL "C:/Users/Dell/Documents/aprender vhdl/exercicio22.2/multiplexer.vhd" sub00/vhpl00 1570227549
AR ffbank behavioral "C:/Users/Dell/Documents/aprender vhdl/exercicio22.2/ffbank.vhd" sub00/vhpl03 1570140813
EN ffbank NULL "C:/Users/Dell/Documents/aprender vhdl/exercicio22.2/ffbank.vhd" sub00/vhpl02 1570227551
AR registradordeestado structural "C:/Users/Dell/Documents/aprender vhdl/exercicio22.2/registradordeestado.vhd" sub00/vhpl08 1570227554
AR ffbank ffbank "C:/Users/Dell/Documents/aprender vhdl/exercicio22.2/ffbank.vhd" sub00/vhpl04 1570227552
PB my_package my_package "C:/Users/Dell/Documents/aprender vhdl/exercicio22.2/my_package.vhd" sub00/vhpl06 1570227548
PH my_package NULL "C:/Users/Dell/Documents/aprender vhdl/exercicio22.2/my_package.vhd" sub00/vhpl05 1570227547
EN registradordeestado NULL "C:/Users/Dell/Documents/aprender vhdl/exercicio22.2/registradordeestado.vhd" sub00/vhpl07 1570227553
AR multiplexer behavioral "C:/Users/Dell/Documents/aprender vhdl/exercicio22.2/multiplexer.vhd" sub00/vhpl01 1570227550
