V3 5
FL "C:/Users/Dell/Documents/aprender vhdl/teste/teste_img.vhd" 2020/02/12.14:58:57 P.20131013
EN work/teste_img 1581530340 \
      FL "C:/Users/Dell/Documents/aprender vhdl/teste/teste_img.vhd" \
      PB ieee/std_logic_1164 1381692176 PB ieee/std_logic_arith 1381692177 \
      PB ieee/STD_LOGIC_UNSIGNED 1381692179
AR work/teste_img/Behavioral 1581530341 \
      FL "C:/Users/Dell/Documents/aprender vhdl/teste/teste_img.vhd" \
      EN work/teste_img 1581530340 CP image1 CP image2
