--------------------------------------------------------------------------------
Release 14.7 Trace  (nt64)
Copyright (c) 1995-2013 Xilinx, Inc.  All rights reserved.

C:\Xilinx\14.7\ISE_DS\ISE\bin\nt64\unwrapped\trce.exe -intstyle ise -v 3 -s 4
-n 3 -fastpaths -xml somadorcomsinalesemsinal.twx somadorcomsinalesemsinal.ncd
-o somadorcomsinalesemsinal.twr somadorcomsinalesemsinal.pcf

Design file:              somadorcomsinalesemsinal.ncd
Physical constraint file: somadorcomsinalesemsinal.pcf
Device,package,speed:     xc3s500e,fg320,-4 (PRODUCTION 1.27 2013-10-13)
Report level:             verbose report

Environment Variable      Effect 
--------------------      ------ 
NONE                      No environment variables were set
--------------------------------------------------------------------------------

INFO:Timing:2698 - No timing constraints found, doing default enumeration.
INFO:Timing:3412 - To improve timing, see the Timing Closure User Guide (UG612).
INFO:Timing:2752 - To get complete path coverage, use the unconstrained paths 
   option. All paths that are not constrained will be reported in the 
   unconstrained paths section(s) of the report.
INFO:Timing:3339 - The clock-to-out numbers in this timing report are based on 
   a 50 Ohm transmission line loading model.  For the details of this model, 
   and for more information on accounting for different loading conditions, 
   please see the device datasheet.
INFO:Timing:3390 - This architecture does not support a default System Jitter 
   value, please add SYSTEM_JITTER constraint to the UCF to modify the Clock 
   Uncertainty calculation.
INFO:Timing:3389 - This architecture does not support 'Discrete Jitter' and 
   'Phase Error' calculations, these terms will be zero in the Clock 
   Uncertainty calculation.  Please make appropriate modification to 
   SYSTEM_JITTER to account for the unsupported Discrete Jitter and Phase 
   Error.



Data Sheet report:
-----------------
All values displayed in nanoseconds (ns)

Pad to Pad
---------------+---------------+---------+
Source Pad     |Destination Pad|  Delay  |
---------------+---------------+---------+
a<0>           |result1<0>     |    8.133|
a<0>           |result1<1>     |    9.459|
a<0>           |result1<2>     |    8.697|
a<0>           |result1<3>     |    9.781|
a<0>           |result1<4>     |    9.759|
a<0>           |result1<5>     |    9.775|
a<0>           |result1<6>     |    9.484|
a<0>           |result1<7>     |    9.949|
a<0>           |result1<8>     |   11.125|
a<0>           |result1<9>     |   11.414|
a<0>           |result1<10>    |   11.704|
a<0>           |result1<11>    |   11.701|
a<0>           |result1<12>    |   11.706|
a<0>           |result1<13>    |   11.989|
a<0>           |result1<14>    |   11.986|
a<0>           |result1<15>    |   12.277|
a<0>           |result1<16>    |   12.272|
a<0>           |result1<17>    |   12.280|
a<0>           |result1<18>    |   12.554|
a<0>           |result1<19>    |   12.565|
a<0>           |result1<20>    |   12.854|
a<0>           |result1<21>    |   12.852|
a<0>           |result1<22>    |   12.857|
a<0>           |result1<23>    |   13.140|
a<0>           |result1<24>    |   13.137|
a<0>           |result1<25>    |   13.427|
a<0>           |result1<26>    |   13.422|
a<0>           |result1<27>    |   13.430|
a<0>           |result1<28>    |   13.705|
a<0>           |result1<29>    |   13.731|
a<0>           |result1<30>    |   14.008|
a<0>           |result1<31>    |   14.513|
a<0>           |result<0>      |    8.749|
a<0>           |result<1>      |    9.287|
a<0>           |result<2>      |    8.762|
a<0>           |result<3>      |    9.403|
a<0>           |result<4>      |   10.118|
a<0>           |result<5>      |   10.138|
a<0>           |result<6>      |    8.998|
a<0>           |result<7>      |    9.641|
a<0>           |result<8>      |   10.798|
a<0>           |result<9>      |   11.093|
a<0>           |result<10>     |   11.378|
a<0>           |result<11>     |   11.374|
a<0>           |result<12>     |   10.336|
a<0>           |result<13>     |   11.077|
a<0>           |result<14>     |   10.103|
a<0>           |result<15>     |   10.349|
a<0>           |result<16>     |   10.706|
a<0>           |result<17>     |   10.954|
a<0>           |result<18>     |   11.376|
a<0>           |result<19>     |   11.375|
a<0>           |result<20>     |   11.373|
a<0>           |result<21>     |   10.428|
a<0>           |result<22>     |   10.706|
a<0>           |result<23>     |   11.252|
a<0>           |result<24>     |   10.955|
a<0>           |result<25>     |   11.521|
a<0>           |result<26>     |   10.956|
a<0>           |result<27>     |   11.753|
a<0>           |result<28>     |   11.321|
a<0>           |result<29>     |   11.078|
a<0>           |result<30>     |   11.075|
a<0>           |result<31>     |   11.108|
a<1>           |result1<1>     |    8.993|
a<1>           |result1<2>     |    8.480|
a<1>           |result1<3>     |    9.564|
a<1>           |result1<4>     |    9.542|
a<1>           |result1<5>     |    9.558|
a<1>           |result1<6>     |    9.267|
a<1>           |result1<7>     |    9.732|
a<1>           |result1<8>     |   10.908|
a<1>           |result1<9>     |   11.197|
a<1>           |result1<10>    |   11.487|
a<1>           |result1<11>    |   11.484|
a<1>           |result1<12>    |   11.489|
a<1>           |result1<13>    |   11.772|
a<1>           |result1<14>    |   11.769|
a<1>           |result1<15>    |   12.060|
a<1>           |result1<16>    |   12.055|
a<1>           |result1<17>    |   12.063|
a<1>           |result1<18>    |   12.337|
a<1>           |result1<19>    |   12.348|
a<1>           |result1<20>    |   12.637|
a<1>           |result1<21>    |   12.635|
a<1>           |result1<22>    |   12.640|
a<1>           |result1<23>    |   12.923|
a<1>           |result1<24>    |   12.920|
a<1>           |result1<25>    |   13.210|
a<1>           |result1<26>    |   13.205|
a<1>           |result1<27>    |   13.213|
a<1>           |result1<28>    |   13.488|
a<1>           |result1<29>    |   13.514|
a<1>           |result1<30>    |   13.791|
a<1>           |result1<31>    |   14.296|
a<1>           |result<1>      |    8.664|
a<1>           |result<2>      |    8.388|
a<1>           |result<3>      |    9.029|
a<1>           |result<4>      |    9.744|
a<1>           |result<5>      |    9.764|
a<1>           |result<6>      |    8.624|
a<1>           |result<7>      |    9.267|
a<1>           |result<8>      |   10.424|
a<1>           |result<9>      |   10.719|
a<1>           |result<10>     |   11.004|
a<1>           |result<11>     |   11.000|
a<1>           |result<12>     |    9.962|
a<1>           |result<13>     |   10.703|
a<1>           |result<14>     |    9.729|
a<1>           |result<15>     |    9.975|
a<1>           |result<16>     |   10.332|
a<1>           |result<17>     |   10.580|
a<1>           |result<18>     |   11.002|
a<1>           |result<19>     |   11.001|
a<1>           |result<20>     |   10.999|
a<1>           |result<21>     |   10.054|
a<1>           |result<22>     |   10.332|
a<1>           |result<23>     |   10.878|
a<1>           |result<24>     |   10.581|
a<1>           |result<25>     |   11.147|
a<1>           |result<26>     |   10.582|
a<1>           |result<27>     |   11.379|
a<1>           |result<28>     |   10.947|
a<1>           |result<29>     |   10.704|
a<1>           |result<30>     |   10.701|
a<1>           |result<31>     |   10.734|
a<2>           |result1<2>     |    7.518|
a<2>           |result1<3>     |    8.776|
a<2>           |result1<4>     |    9.026|
a<2>           |result1<5>     |    9.042|
a<2>           |result1<6>     |    8.751|
a<2>           |result1<7>     |    9.216|
a<2>           |result1<8>     |   10.392|
a<2>           |result1<9>     |   10.681|
a<2>           |result1<10>    |   10.971|
a<2>           |result1<11>    |   10.968|
a<2>           |result1<12>    |   10.973|
a<2>           |result1<13>    |   11.256|
a<2>           |result1<14>    |   11.253|
a<2>           |result1<15>    |   11.544|
a<2>           |result1<16>    |   11.539|
a<2>           |result1<17>    |   11.547|
a<2>           |result1<18>    |   11.821|
a<2>           |result1<19>    |   11.832|
a<2>           |result1<20>    |   12.121|
a<2>           |result1<21>    |   12.119|
a<2>           |result1<22>    |   12.124|
a<2>           |result1<23>    |   12.407|
a<2>           |result1<24>    |   12.404|
a<2>           |result1<25>    |   12.694|
a<2>           |result1<26>    |   12.689|
a<2>           |result1<27>    |   12.697|
a<2>           |result1<28>    |   12.972|
a<2>           |result1<29>    |   12.998|
a<2>           |result1<30>    |   13.275|
a<2>           |result1<31>    |   13.780|
a<2>           |result<2>      |    7.265|
a<2>           |result<3>      |    8.080|
a<2>           |result<4>      |    9.067|
a<2>           |result<5>      |    9.087|
a<2>           |result<6>      |    7.947|
a<2>           |result<7>      |    8.590|
a<2>           |result<8>      |    9.747|
a<2>           |result<9>      |   10.042|
a<2>           |result<10>     |   10.327|
a<2>           |result<11>     |   10.323|
a<2>           |result<12>     |    9.285|
a<2>           |result<13>     |   10.026|
a<2>           |result<14>     |    9.052|
a<2>           |result<15>     |    9.298|
a<2>           |result<16>     |    9.655|
a<2>           |result<17>     |    9.903|
a<2>           |result<18>     |   10.325|
a<2>           |result<19>     |   10.324|
a<2>           |result<20>     |   10.322|
a<2>           |result<21>     |    9.377|
a<2>           |result<22>     |    9.655|
a<2>           |result<23>     |   10.201|
a<2>           |result<24>     |    9.904|
a<2>           |result<25>     |   10.470|
a<2>           |result<26>     |    9.905|
a<2>           |result<27>     |   10.702|
a<2>           |result<28>     |   10.270|
a<2>           |result<29>     |   10.027|
a<2>           |result<30>     |   10.024|
a<2>           |result<31>     |   10.057|
a<3>           |result1<3>     |    8.745|
a<3>           |result1<4>     |    9.244|
a<3>           |result1<5>     |    9.260|
a<3>           |result1<6>     |    8.969|
a<3>           |result1<7>     |    9.434|
a<3>           |result1<8>     |   10.610|
a<3>           |result1<9>     |   10.899|
a<3>           |result1<10>    |   11.189|
a<3>           |result1<11>    |   11.186|
a<3>           |result1<12>    |   11.191|
a<3>           |result1<13>    |   11.474|
a<3>           |result1<14>    |   11.471|
a<3>           |result1<15>    |   11.762|
a<3>           |result1<16>    |   11.757|
a<3>           |result1<17>    |   11.765|
a<3>           |result1<18>    |   12.039|
a<3>           |result1<19>    |   12.050|
a<3>           |result1<20>    |   12.339|
a<3>           |result1<21>    |   12.337|
a<3>           |result1<22>    |   12.342|
a<3>           |result1<23>    |   12.625|
a<3>           |result1<24>    |   12.622|
a<3>           |result1<25>    |   12.912|
a<3>           |result1<26>    |   12.907|
a<3>           |result1<27>    |   12.915|
a<3>           |result1<28>    |   13.190|
a<3>           |result1<29>    |   13.216|
a<3>           |result1<30>    |   13.493|
a<3>           |result1<31>    |   13.998|
a<3>           |result<3>      |    7.517|
a<3>           |result<4>      |    8.753|
a<3>           |result<5>      |    8.773|
a<3>           |result<6>      |    7.633|
a<3>           |result<7>      |    8.276|
a<3>           |result<8>      |    9.433|
a<3>           |result<9>      |    9.728|
a<3>           |result<10>     |   10.013|
a<3>           |result<11>     |   10.009|
a<3>           |result<12>     |    8.971|
a<3>           |result<13>     |    9.712|
a<3>           |result<14>     |    8.738|
a<3>           |result<15>     |    8.984|
a<3>           |result<16>     |    9.341|
a<3>           |result<17>     |    9.589|
a<3>           |result<18>     |   10.011|
a<3>           |result<19>     |   10.010|
a<3>           |result<20>     |   10.008|
a<3>           |result<21>     |    9.063|
a<3>           |result<22>     |    9.341|
a<3>           |result<23>     |    9.887|
a<3>           |result<24>     |    9.590|
a<3>           |result<25>     |   10.156|
a<3>           |result<26>     |    9.591|
a<3>           |result<27>     |   10.388|
a<3>           |result<28>     |    9.956|
a<3>           |result<29>     |    9.713|
a<3>           |result<30>     |    9.710|
a<3>           |result<31>     |    9.743|
a<4>           |result1<4>     |    8.725|
a<4>           |result1<5>     |    8.915|
a<4>           |result1<6>     |    8.896|
a<4>           |result1<7>     |    9.361|
a<4>           |result1<8>     |   10.537|
a<4>           |result1<9>     |   10.826|
a<4>           |result1<10>    |   11.116|
a<4>           |result1<11>    |   11.113|
a<4>           |result1<12>    |   11.118|
a<4>           |result1<13>    |   11.401|
a<4>           |result1<14>    |   11.398|
a<4>           |result1<15>    |   11.689|
a<4>           |result1<16>    |   11.684|
a<4>           |result1<17>    |   11.692|
a<4>           |result1<18>    |   11.966|
a<4>           |result1<19>    |   11.977|
a<4>           |result1<20>    |   12.266|
a<4>           |result1<21>    |   12.264|
a<4>           |result1<22>    |   12.269|
a<4>           |result1<23>    |   12.552|
a<4>           |result1<24>    |   12.549|
a<4>           |result1<25>    |   12.839|
a<4>           |result1<26>    |   12.834|
a<4>           |result1<27>    |   12.842|
a<4>           |result1<28>    |   13.117|
a<4>           |result1<29>    |   13.143|
a<4>           |result1<30>    |   13.420|
a<4>           |result1<31>    |   13.925|
a<4>           |result<4>      |    8.864|
a<4>           |result<5>      |    9.058|
a<4>           |result<6>      |    8.190|
a<4>           |result<7>      |    8.833|
a<4>           |result<8>      |    9.990|
a<4>           |result<9>      |   10.285|
a<4>           |result<10>     |   10.570|
a<4>           |result<11>     |   10.566|
a<4>           |result<12>     |    9.528|
a<4>           |result<13>     |   10.269|
a<4>           |result<14>     |    9.295|
a<4>           |result<15>     |    9.541|
a<4>           |result<16>     |    9.898|
a<4>           |result<17>     |   10.146|
a<4>           |result<18>     |   10.568|
a<4>           |result<19>     |   10.567|
a<4>           |result<20>     |   10.565|
a<4>           |result<21>     |    9.620|
a<4>           |result<22>     |    9.898|
a<4>           |result<23>     |   10.444|
a<4>           |result<24>     |   10.147|
a<4>           |result<25>     |   10.713|
a<4>           |result<26>     |   10.148|
a<4>           |result<27>     |   10.945|
a<4>           |result<28>     |   10.513|
a<4>           |result<29>     |   10.270|
a<4>           |result<30>     |   10.267|
a<4>           |result<31>     |   10.300|
a<5>           |result1<5>     |    8.249|
a<5>           |result1<6>     |    8.479|
a<5>           |result1<7>     |    8.944|
a<5>           |result1<8>     |   10.120|
a<5>           |result1<9>     |   10.409|
a<5>           |result1<10>    |   10.699|
a<5>           |result1<11>    |   10.696|
a<5>           |result1<12>    |   10.701|
a<5>           |result1<13>    |   10.984|
a<5>           |result1<14>    |   10.981|
a<5>           |result1<15>    |   11.272|
a<5>           |result1<16>    |   11.267|
a<5>           |result1<17>    |   11.275|
a<5>           |result1<18>    |   11.549|
a<5>           |result1<19>    |   11.560|
a<5>           |result1<20>    |   11.849|
a<5>           |result1<21>    |   11.847|
a<5>           |result1<22>    |   11.852|
a<5>           |result1<23>    |   12.135|
a<5>           |result1<24>    |   12.132|
a<5>           |result1<25>    |   12.422|
a<5>           |result1<26>    |   12.417|
a<5>           |result1<27>    |   12.425|
a<5>           |result1<28>    |   12.700|
a<5>           |result1<29>    |   12.726|
a<5>           |result1<30>    |   13.003|
a<5>           |result1<31>    |   13.508|
a<5>           |result<5>      |    8.171|
a<5>           |result<6>      |    7.552|
a<5>           |result<7>      |    8.195|
a<5>           |result<8>      |    9.352|
a<5>           |result<9>      |    9.647|
a<5>           |result<10>     |    9.932|
a<5>           |result<11>     |    9.928|
a<5>           |result<12>     |    8.890|
a<5>           |result<13>     |    9.631|
a<5>           |result<14>     |    8.657|
a<5>           |result<15>     |    8.903|
a<5>           |result<16>     |    9.260|
a<5>           |result<17>     |    9.508|
a<5>           |result<18>     |    9.930|
a<5>           |result<19>     |    9.929|
a<5>           |result<20>     |    9.927|
a<5>           |result<21>     |    8.982|
a<5>           |result<22>     |    9.260|
a<5>           |result<23>     |    9.806|
a<5>           |result<24>     |    9.509|
a<5>           |result<25>     |   10.075|
a<5>           |result<26>     |    9.510|
a<5>           |result<27>     |   10.307|
a<5>           |result<28>     |    9.875|
a<5>           |result<29>     |    9.632|
a<5>           |result<30>     |    9.629|
a<5>           |result<31>     |    9.662|
a<6>           |result1<6>     |    6.959|
a<6>           |result1<7>     |    7.598|
a<6>           |result1<8>     |    9.046|
a<6>           |result1<9>     |    9.335|
a<6>           |result1<10>    |    9.625|
a<6>           |result1<11>    |    9.622|
a<6>           |result1<12>    |    9.627|
a<6>           |result1<13>    |    9.910|
a<6>           |result1<14>    |    9.907|
a<6>           |result1<15>    |   10.198|
a<6>           |result1<16>    |   10.193|
a<6>           |result1<17>    |   10.201|
a<6>           |result1<18>    |   10.475|
a<6>           |result1<19>    |   10.486|
a<6>           |result1<20>    |   10.775|
a<6>           |result1<21>    |   10.773|
a<6>           |result1<22>    |   10.778|
a<6>           |result1<23>    |   11.061|
a<6>           |result1<24>    |   11.058|
a<6>           |result1<25>    |   11.348|
a<6>           |result1<26>    |   11.343|
a<6>           |result1<27>    |   11.351|
a<6>           |result1<28>    |   11.626|
a<6>           |result1<29>    |   11.652|
a<6>           |result1<30>    |   11.929|
a<6>           |result1<31>    |   12.434|
a<6>           |result<6>      |    7.205|
a<6>           |result<7>      |    8.022|
a<6>           |result<8>      |    9.451|
a<6>           |result<9>      |    9.746|
a<6>           |result<10>     |   10.031|
a<6>           |result<11>     |   10.027|
a<6>           |result<12>     |    8.989|
a<6>           |result<13>     |    9.730|
a<6>           |result<14>     |    8.756|
a<6>           |result<15>     |    9.002|
a<6>           |result<16>     |    9.359|
a<6>           |result<17>     |    9.607|
a<6>           |result<18>     |   10.029|
a<6>           |result<19>     |   10.028|
a<6>           |result<20>     |   10.026|
a<6>           |result<21>     |    9.081|
a<6>           |result<22>     |    9.359|
a<6>           |result<23>     |    9.905|
a<6>           |result<24>     |    9.608|
a<6>           |result<25>     |   10.174|
a<6>           |result<26>     |    9.609|
a<6>           |result<27>     |   10.406|
a<6>           |result<28>     |    9.974|
a<6>           |result<29>     |    9.731|
a<6>           |result<30>     |    9.728|
a<6>           |result<31>     |    9.761|
a<7>           |result1<7>     |    7.813|
a<7>           |result1<8>     |    9.510|
a<7>           |result1<9>     |    9.799|
a<7>           |result1<10>    |   10.089|
a<7>           |result1<11>    |   10.086|
a<7>           |result1<12>    |   10.091|
a<7>           |result1<13>    |   10.374|
a<7>           |result1<14>    |   10.371|
a<7>           |result1<15>    |   10.662|
a<7>           |result1<16>    |   10.657|
a<7>           |result1<17>    |   10.665|
a<7>           |result1<18>    |   10.939|
a<7>           |result1<19>    |   10.950|
a<7>           |result1<20>    |   11.239|
a<7>           |result1<21>    |   11.237|
a<7>           |result1<22>    |   11.242|
a<7>           |result1<23>    |   11.525|
a<7>           |result1<24>    |   11.522|
a<7>           |result1<25>    |   11.812|
a<7>           |result1<26>    |   11.807|
a<7>           |result1<27>    |   11.815|
a<7>           |result1<28>    |   12.090|
a<7>           |result1<29>    |   12.116|
a<7>           |result1<30>    |   12.393|
a<7>           |result1<31>    |   12.898|
a<7>           |result<7>      |    7.441|
a<7>           |result<8>      |    9.119|
a<7>           |result<9>      |    9.414|
a<7>           |result<10>     |    9.699|
a<7>           |result<11>     |    9.695|
a<7>           |result<12>     |    8.657|
a<7>           |result<13>     |    9.398|
a<7>           |result<14>     |    8.424|
a<7>           |result<15>     |    8.670|
a<7>           |result<16>     |    9.027|
a<7>           |result<17>     |    9.275|
a<7>           |result<18>     |    9.697|
a<7>           |result<19>     |    9.696|
a<7>           |result<20>     |    9.694|
a<7>           |result<21>     |    8.749|
a<7>           |result<22>     |    9.027|
a<7>           |result<23>     |    9.573|
a<7>           |result<24>     |    9.276|
a<7>           |result<25>     |    9.842|
a<7>           |result<26>     |    9.277|
a<7>           |result<27>     |   10.074|
a<7>           |result<28>     |    9.642|
a<7>           |result<29>     |    9.399|
a<7>           |result<30>     |    9.396|
a<7>           |result<31>     |    9.429|
a<8>           |result1<8>     |    9.893|
a<8>           |result1<9>     |   10.182|
a<8>           |result1<10>    |   10.472|
a<8>           |result1<11>    |   10.469|
a<8>           |result1<12>    |   10.474|
a<8>           |result1<13>    |   10.757|
a<8>           |result1<14>    |   10.754|
a<8>           |result1<15>    |   11.045|
a<8>           |result1<16>    |   11.040|
a<8>           |result1<17>    |   11.048|
a<8>           |result1<18>    |   11.322|
a<8>           |result1<19>    |   11.333|
a<8>           |result1<20>    |   11.622|
a<8>           |result1<21>    |   11.620|
a<8>           |result1<22>    |   11.625|
a<8>           |result1<23>    |   11.908|
a<8>           |result1<24>    |   11.905|
a<8>           |result1<25>    |   12.195|
a<8>           |result1<26>    |   12.190|
a<8>           |result1<27>    |   12.198|
a<8>           |result1<28>    |   12.473|
a<8>           |result1<29>    |   12.499|
a<8>           |result1<30>    |   12.776|
a<8>           |result1<31>    |   13.281|
a<8>           |result<8>      |    8.755|
a<8>           |result<9>      |    9.050|
a<8>           |result<10>     |    9.335|
a<8>           |result<11>     |    9.331|
a<8>           |result<12>     |    8.293|
a<8>           |result<13>     |    9.034|
a<8>           |result<14>     |    8.060|
a<8>           |result<15>     |    8.306|
a<8>           |result<16>     |    8.663|
a<8>           |result<17>     |    8.911|
a<8>           |result<18>     |    9.333|
a<8>           |result<19>     |    9.332|
a<8>           |result<20>     |    9.330|
a<8>           |result<21>     |    8.385|
a<8>           |result<22>     |    8.663|
a<8>           |result<23>     |    9.209|
a<8>           |result<24>     |    8.912|
a<8>           |result<25>     |    9.478|
a<8>           |result<26>     |    8.913|
a<8>           |result<27>     |    9.710|
a<8>           |result<28>     |    9.278|
a<8>           |result<29>     |    9.035|
a<8>           |result<30>     |    9.032|
a<8>           |result<31>     |    9.065|
b<0>           |result1<0>     |    7.757|
b<0>           |result1<1>     |    9.083|
b<0>           |result1<2>     |    8.321|
b<0>           |result1<3>     |    9.405|
b<0>           |result1<4>     |    9.383|
b<0>           |result1<5>     |    9.399|
b<0>           |result1<6>     |    9.108|
b<0>           |result1<7>     |    9.573|
b<0>           |result1<8>     |   10.749|
b<0>           |result1<9>     |   11.038|
b<0>           |result1<10>    |   11.328|
b<0>           |result1<11>    |   11.325|
b<0>           |result1<12>    |   11.330|
b<0>           |result1<13>    |   11.613|
b<0>           |result1<14>    |   11.610|
b<0>           |result1<15>    |   11.901|
b<0>           |result1<16>    |   11.896|
b<0>           |result1<17>    |   11.904|
b<0>           |result1<18>    |   12.178|
b<0>           |result1<19>    |   12.189|
b<0>           |result1<20>    |   12.478|
b<0>           |result1<21>    |   12.476|
b<0>           |result1<22>    |   12.481|
b<0>           |result1<23>    |   12.764|
b<0>           |result1<24>    |   12.761|
b<0>           |result1<25>    |   13.051|
b<0>           |result1<26>    |   13.046|
b<0>           |result1<27>    |   13.054|
b<0>           |result1<28>    |   13.329|
b<0>           |result1<29>    |   13.355|
b<0>           |result1<30>    |   13.632|
b<0>           |result1<31>    |   14.137|
b<0>           |result<0>      |    7.665|
b<0>           |result<1>      |    8.203|
b<0>           |result<2>      |    7.678|
b<0>           |result<3>      |    8.319|
b<0>           |result<4>      |    9.034|
b<0>           |result<5>      |    9.054|
b<0>           |result<6>      |    7.914|
b<0>           |result<7>      |    8.557|
b<0>           |result<8>      |    9.714|
b<0>           |result<9>      |   10.009|
b<0>           |result<10>     |   10.294|
b<0>           |result<11>     |   10.290|
b<0>           |result<12>     |    9.252|
b<0>           |result<13>     |    9.993|
b<0>           |result<14>     |    9.019|
b<0>           |result<15>     |    9.265|
b<0>           |result<16>     |    9.622|
b<0>           |result<17>     |    9.870|
b<0>           |result<18>     |   10.292|
b<0>           |result<19>     |   10.291|
b<0>           |result<20>     |   10.289|
b<0>           |result<21>     |    9.344|
b<0>           |result<22>     |    9.622|
b<0>           |result<23>     |   10.168|
b<0>           |result<24>     |    9.871|
b<0>           |result<25>     |   10.437|
b<0>           |result<26>     |    9.872|
b<0>           |result<27>     |   10.669|
b<0>           |result<28>     |   10.237|
b<0>           |result<29>     |    9.994|
b<0>           |result<30>     |    9.991|
b<0>           |result<31>     |   10.024|
b<1>           |result1<1>     |    8.114|
b<1>           |result1<2>     |    7.601|
b<1>           |result1<3>     |    8.685|
b<1>           |result1<4>     |    8.663|
b<1>           |result1<5>     |    8.679|
b<1>           |result1<6>     |    8.388|
b<1>           |result1<7>     |    8.853|
b<1>           |result1<8>     |   10.029|
b<1>           |result1<9>     |   10.318|
b<1>           |result1<10>    |   10.608|
b<1>           |result1<11>    |   10.605|
b<1>           |result1<12>    |   10.610|
b<1>           |result1<13>    |   10.893|
b<1>           |result1<14>    |   10.890|
b<1>           |result1<15>    |   11.181|
b<1>           |result1<16>    |   11.176|
b<1>           |result1<17>    |   11.184|
b<1>           |result1<18>    |   11.458|
b<1>           |result1<19>    |   11.469|
b<1>           |result1<20>    |   11.758|
b<1>           |result1<21>    |   11.756|
b<1>           |result1<22>    |   11.761|
b<1>           |result1<23>    |   12.044|
b<1>           |result1<24>    |   12.041|
b<1>           |result1<25>    |   12.331|
b<1>           |result1<26>    |   12.326|
b<1>           |result1<27>    |   12.334|
b<1>           |result1<28>    |   12.609|
b<1>           |result1<29>    |   12.635|
b<1>           |result1<30>    |   12.912|
b<1>           |result1<31>    |   13.417|
b<1>           |result<1>      |    7.958|
b<1>           |result<2>      |    7.682|
b<1>           |result<3>      |    8.323|
b<1>           |result<4>      |    9.038|
b<1>           |result<5>      |    9.058|
b<1>           |result<6>      |    7.918|
b<1>           |result<7>      |    8.561|
b<1>           |result<8>      |    9.718|
b<1>           |result<9>      |   10.013|
b<1>           |result<10>     |   10.298|
b<1>           |result<11>     |   10.294|
b<1>           |result<12>     |    9.256|
b<1>           |result<13>     |    9.997|
b<1>           |result<14>     |    9.023|
b<1>           |result<15>     |    9.269|
b<1>           |result<16>     |    9.626|
b<1>           |result<17>     |    9.874|
b<1>           |result<18>     |   10.296|
b<1>           |result<19>     |   10.295|
b<1>           |result<20>     |   10.293|
b<1>           |result<21>     |    9.348|
b<1>           |result<22>     |    9.626|
b<1>           |result<23>     |   10.172|
b<1>           |result<24>     |    9.875|
b<1>           |result<25>     |   10.441|
b<1>           |result<26>     |    9.876|
b<1>           |result<27>     |   10.673|
b<1>           |result<28>     |   10.241|
b<1>           |result<29>     |    9.998|
b<1>           |result<30>     |    9.995|
b<1>           |result<31>     |   10.028|
b<2>           |result1<2>     |    6.884|
b<2>           |result1<3>     |    8.142|
b<2>           |result1<4>     |    8.392|
b<2>           |result1<5>     |    8.408|
b<2>           |result1<6>     |    8.117|
b<2>           |result1<7>     |    8.582|
b<2>           |result1<8>     |    9.758|
b<2>           |result1<9>     |   10.047|
b<2>           |result1<10>    |   10.337|
b<2>           |result1<11>    |   10.334|
b<2>           |result1<12>    |   10.339|
b<2>           |result1<13>    |   10.622|
b<2>           |result1<14>    |   10.619|
b<2>           |result1<15>    |   10.910|
b<2>           |result1<16>    |   10.905|
b<2>           |result1<17>    |   10.913|
b<2>           |result1<18>    |   11.187|
b<2>           |result1<19>    |   11.198|
b<2>           |result1<20>    |   11.487|
b<2>           |result1<21>    |   11.485|
b<2>           |result1<22>    |   11.490|
b<2>           |result1<23>    |   11.773|
b<2>           |result1<24>    |   11.770|
b<2>           |result1<25>    |   12.060|
b<2>           |result1<26>    |   12.055|
b<2>           |result1<27>    |   12.063|
b<2>           |result1<28>    |   12.338|
b<2>           |result1<29>    |   12.364|
b<2>           |result1<30>    |   12.641|
b<2>           |result1<31>    |   13.146|
b<2>           |result<2>      |    7.306|
b<2>           |result<3>      |    8.121|
b<2>           |result<4>      |    9.108|
b<2>           |result<5>      |    9.128|
b<2>           |result<6>      |    7.988|
b<2>           |result<7>      |    8.631|
b<2>           |result<8>      |    9.788|
b<2>           |result<9>      |   10.083|
b<2>           |result<10>     |   10.368|
b<2>           |result<11>     |   10.364|
b<2>           |result<12>     |    9.326|
b<2>           |result<13>     |   10.067|
b<2>           |result<14>     |    9.093|
b<2>           |result<15>     |    9.339|
b<2>           |result<16>     |    9.696|
b<2>           |result<17>     |    9.944|
b<2>           |result<18>     |   10.366|
b<2>           |result<19>     |   10.365|
b<2>           |result<20>     |   10.363|
b<2>           |result<21>     |    9.418|
b<2>           |result<22>     |    9.696|
b<2>           |result<23>     |   10.242|
b<2>           |result<24>     |    9.945|
b<2>           |result<25>     |   10.511|
b<2>           |result<26>     |    9.946|
b<2>           |result<27>     |   10.743|
b<2>           |result<28>     |   10.311|
b<2>           |result<29>     |   10.068|
b<2>           |result<30>     |   10.065|
b<2>           |result<31>     |   10.098|
b<3>           |result1<3>     |    8.203|
b<3>           |result1<4>     |    8.702|
b<3>           |result1<5>     |    8.718|
b<3>           |result1<6>     |    8.427|
b<3>           |result1<7>     |    8.892|
b<3>           |result1<8>     |   10.068|
b<3>           |result1<9>     |   10.357|
b<3>           |result1<10>    |   10.647|
b<3>           |result1<11>    |   10.644|
b<3>           |result1<12>    |   10.649|
b<3>           |result1<13>    |   10.932|
b<3>           |result1<14>    |   10.929|
b<3>           |result1<15>    |   11.220|
b<3>           |result1<16>    |   11.215|
b<3>           |result1<17>    |   11.223|
b<3>           |result1<18>    |   11.497|
b<3>           |result1<19>    |   11.508|
b<3>           |result1<20>    |   11.797|
b<3>           |result1<21>    |   11.795|
b<3>           |result1<22>    |   11.800|
b<3>           |result1<23>    |   12.083|
b<3>           |result1<24>    |   12.080|
b<3>           |result1<25>    |   12.370|
b<3>           |result1<26>    |   12.365|
b<3>           |result1<27>    |   12.373|
b<3>           |result1<28>    |   12.648|
b<3>           |result1<29>    |   12.674|
b<3>           |result1<30>    |   12.951|
b<3>           |result1<31>    |   13.456|
b<3>           |result<3>      |    7.281|
b<3>           |result<4>      |    8.517|
b<3>           |result<5>      |    8.537|
b<3>           |result<6>      |    7.397|
b<3>           |result<7>      |    8.040|
b<3>           |result<8>      |    9.197|
b<3>           |result<9>      |    9.492|
b<3>           |result<10>     |    9.777|
b<3>           |result<11>     |    9.773|
b<3>           |result<12>     |    8.735|
b<3>           |result<13>     |    9.476|
b<3>           |result<14>     |    8.502|
b<3>           |result<15>     |    8.748|
b<3>           |result<16>     |    9.105|
b<3>           |result<17>     |    9.353|
b<3>           |result<18>     |    9.775|
b<3>           |result<19>     |    9.774|
b<3>           |result<20>     |    9.772|
b<3>           |result<21>     |    8.827|
b<3>           |result<22>     |    9.105|
b<3>           |result<23>     |    9.651|
b<3>           |result<24>     |    9.354|
b<3>           |result<25>     |    9.920|
b<3>           |result<26>     |    9.355|
b<3>           |result<27>     |   10.152|
b<3>           |result<28>     |    9.720|
b<3>           |result<29>     |    9.477|
b<3>           |result<30>     |    9.474|
b<3>           |result<31>     |    9.507|
b<4>           |result1<4>     |    8.296|
b<4>           |result1<5>     |    8.486|
b<4>           |result1<6>     |    8.467|
b<4>           |result1<7>     |    8.932|
b<4>           |result1<8>     |   10.108|
b<4>           |result1<9>     |   10.397|
b<4>           |result1<10>    |   10.687|
b<4>           |result1<11>    |   10.684|
b<4>           |result1<12>    |   10.689|
b<4>           |result1<13>    |   10.972|
b<4>           |result1<14>    |   10.969|
b<4>           |result1<15>    |   11.260|
b<4>           |result1<16>    |   11.255|
b<4>           |result1<17>    |   11.263|
b<4>           |result1<18>    |   11.537|
b<4>           |result1<19>    |   11.548|
b<4>           |result1<20>    |   11.837|
b<4>           |result1<21>    |   11.835|
b<4>           |result1<22>    |   11.840|
b<4>           |result1<23>    |   12.123|
b<4>           |result1<24>    |   12.120|
b<4>           |result1<25>    |   12.410|
b<4>           |result1<26>    |   12.405|
b<4>           |result1<27>    |   12.413|
b<4>           |result1<28>    |   12.688|
b<4>           |result1<29>    |   12.714|
b<4>           |result1<30>    |   12.991|
b<4>           |result1<31>    |   13.496|
b<4>           |result<4>      |    8.077|
b<4>           |result<5>      |    8.271|
b<4>           |result<6>      |    7.403|
b<4>           |result<7>      |    8.046|
b<4>           |result<8>      |    9.203|
b<4>           |result<9>      |    9.498|
b<4>           |result<10>     |    9.783|
b<4>           |result<11>     |    9.779|
b<4>           |result<12>     |    8.741|
b<4>           |result<13>     |    9.482|
b<4>           |result<14>     |    8.508|
b<4>           |result<15>     |    8.754|
b<4>           |result<16>     |    9.111|
b<4>           |result<17>     |    9.359|
b<4>           |result<18>     |    9.781|
b<4>           |result<19>     |    9.780|
b<4>           |result<20>     |    9.778|
b<4>           |result<21>     |    8.833|
b<4>           |result<22>     |    9.111|
b<4>           |result<23>     |    9.657|
b<4>           |result<24>     |    9.360|
b<4>           |result<25>     |    9.926|
b<4>           |result<26>     |    9.361|
b<4>           |result<27>     |   10.158|
b<4>           |result<28>     |    9.726|
b<4>           |result<29>     |    9.483|
b<4>           |result<30>     |    9.480|
b<4>           |result<31>     |    9.513|
b<5>           |result1<5>     |    7.964|
b<5>           |result1<6>     |    8.194|
b<5>           |result1<7>     |    8.659|
b<5>           |result1<8>     |    9.835|
b<5>           |result1<9>     |   10.124|
b<5>           |result1<10>    |   10.414|
b<5>           |result1<11>    |   10.411|
b<5>           |result1<12>    |   10.416|
b<5>           |result1<13>    |   10.699|
b<5>           |result1<14>    |   10.696|
b<5>           |result1<15>    |   10.987|
b<5>           |result1<16>    |   10.982|
b<5>           |result1<17>    |   10.990|
b<5>           |result1<18>    |   11.264|
b<5>           |result1<19>    |   11.275|
b<5>           |result1<20>    |   11.564|
b<5>           |result1<21>    |   11.562|
b<5>           |result1<22>    |   11.567|
b<5>           |result1<23>    |   11.850|
b<5>           |result1<24>    |   11.847|
b<5>           |result1<25>    |   12.137|
b<5>           |result1<26>    |   12.132|
b<5>           |result1<27>    |   12.140|
b<5>           |result1<28>    |   12.415|
b<5>           |result1<29>    |   12.441|
b<5>           |result1<30>    |   12.718|
b<5>           |result1<31>    |   13.223|
b<5>           |result<5>      |    7.751|
b<5>           |result<6>      |    7.132|
b<5>           |result<7>      |    7.775|
b<5>           |result<8>      |    8.932|
b<5>           |result<9>      |    9.227|
b<5>           |result<10>     |    9.512|
b<5>           |result<11>     |    9.508|
b<5>           |result<12>     |    8.470|
b<5>           |result<13>     |    9.211|
b<5>           |result<14>     |    8.237|
b<5>           |result<15>     |    8.483|
b<5>           |result<16>     |    8.840|
b<5>           |result<17>     |    9.088|
b<5>           |result<18>     |    9.510|
b<5>           |result<19>     |    9.509|
b<5>           |result<20>     |    9.507|
b<5>           |result<21>     |    8.562|
b<5>           |result<22>     |    8.840|
b<5>           |result<23>     |    9.386|
b<5>           |result<24>     |    9.089|
b<5>           |result<25>     |    9.655|
b<5>           |result<26>     |    9.090|
b<5>           |result<27>     |    9.887|
b<5>           |result<28>     |    9.455|
b<5>           |result<29>     |    9.212|
b<5>           |result<30>     |    9.209|
b<5>           |result<31>     |    9.242|
b<6>           |result1<6>     |    7.918|
b<6>           |result1<7>     |    8.557|
b<6>           |result1<8>     |   10.005|
b<6>           |result1<9>     |   10.294|
b<6>           |result1<10>    |   10.584|
b<6>           |result1<11>    |   10.581|
b<6>           |result1<12>    |   10.586|
b<6>           |result1<13>    |   10.869|
b<6>           |result1<14>    |   10.866|
b<6>           |result1<15>    |   11.157|
b<6>           |result1<16>    |   11.152|
b<6>           |result1<17>    |   11.160|
b<6>           |result1<18>    |   11.434|
b<6>           |result1<19>    |   11.445|
b<6>           |result1<20>    |   11.734|
b<6>           |result1<21>    |   11.732|
b<6>           |result1<22>    |   11.737|
b<6>           |result1<23>    |   12.020|
b<6>           |result1<24>    |   12.017|
b<6>           |result1<25>    |   12.307|
b<6>           |result1<26>    |   12.302|
b<6>           |result1<27>    |   12.310|
b<6>           |result1<28>    |   12.585|
b<6>           |result1<29>    |   12.611|
b<6>           |result1<30>    |   12.888|
b<6>           |result1<31>    |   13.393|
b<6>           |result<6>      |    6.930|
b<6>           |result<7>      |    7.747|
b<6>           |result<8>      |    9.176|
b<6>           |result<9>      |    9.471|
b<6>           |result<10>     |    9.756|
b<6>           |result<11>     |    9.752|
b<6>           |result<12>     |    8.714|
b<6>           |result<13>     |    9.455|
b<6>           |result<14>     |    8.481|
b<6>           |result<15>     |    8.727|
b<6>           |result<16>     |    9.084|
b<6>           |result<17>     |    9.332|
b<6>           |result<18>     |    9.754|
b<6>           |result<19>     |    9.753|
b<6>           |result<20>     |    9.751|
b<6>           |result<21>     |    8.806|
b<6>           |result<22>     |    9.084|
b<6>           |result<23>     |    9.630|
b<6>           |result<24>     |    9.333|
b<6>           |result<25>     |    9.899|
b<6>           |result<26>     |    9.334|
b<6>           |result<27>     |   10.131|
b<6>           |result<28>     |    9.699|
b<6>           |result<29>     |    9.456|
b<6>           |result<30>     |    9.453|
b<6>           |result<31>     |    9.486|
b<7>           |result1<7>     |    7.926|
b<7>           |result1<8>     |    9.623|
b<7>           |result1<9>     |    9.912|
b<7>           |result1<10>    |   10.202|
b<7>           |result1<11>    |   10.199|
b<7>           |result1<12>    |   10.204|
b<7>           |result1<13>    |   10.487|
b<7>           |result1<14>    |   10.484|
b<7>           |result1<15>    |   10.775|
b<7>           |result1<16>    |   10.770|
b<7>           |result1<17>    |   10.778|
b<7>           |result1<18>    |   11.052|
b<7>           |result1<19>    |   11.063|
b<7>           |result1<20>    |   11.352|
b<7>           |result1<21>    |   11.350|
b<7>           |result1<22>    |   11.355|
b<7>           |result1<23>    |   11.638|
b<7>           |result1<24>    |   11.635|
b<7>           |result1<25>    |   11.925|
b<7>           |result1<26>    |   11.920|
b<7>           |result1<27>    |   11.928|
b<7>           |result1<28>    |   12.203|
b<7>           |result1<29>    |   12.229|
b<7>           |result1<30>    |   12.506|
b<7>           |result1<31>    |   13.011|
b<7>           |result<7>      |    7.026|
b<7>           |result<8>      |    8.704|
b<7>           |result<9>      |    8.999|
b<7>           |result<10>     |    9.284|
b<7>           |result<11>     |    9.280|
b<7>           |result<12>     |    8.242|
b<7>           |result<13>     |    8.983|
b<7>           |result<14>     |    8.009|
b<7>           |result<15>     |    8.255|
b<7>           |result<16>     |    8.612|
b<7>           |result<17>     |    8.860|
b<7>           |result<18>     |    9.282|
b<7>           |result<19>     |    9.281|
b<7>           |result<20>     |    9.279|
b<7>           |result<21>     |    8.334|
b<7>           |result<22>     |    8.612|
b<7>           |result<23>     |    9.158|
b<7>           |result<24>     |    8.861|
b<7>           |result<25>     |    9.427|
b<7>           |result<26>     |    8.862|
b<7>           |result<27>     |    9.659|
b<7>           |result<28>     |    9.227|
b<7>           |result<29>     |    8.984|
b<7>           |result<30>     |    8.981|
b<7>           |result<31>     |    9.014|
b<8>           |result1<8>     |    9.104|
b<8>           |result1<9>     |    9.393|
b<8>           |result1<10>    |    9.683|
b<8>           |result1<11>    |    9.680|
b<8>           |result1<12>    |    9.685|
b<8>           |result1<13>    |    9.968|
b<8>           |result1<14>    |    9.965|
b<8>           |result1<15>    |   10.256|
b<8>           |result1<16>    |   10.251|
b<8>           |result1<17>    |   10.259|
b<8>           |result1<18>    |   10.533|
b<8>           |result1<19>    |   10.544|
b<8>           |result1<20>    |   10.833|
b<8>           |result1<21>    |   10.831|
b<8>           |result1<22>    |   10.836|
b<8>           |result1<23>    |   11.119|
b<8>           |result1<24>    |   11.116|
b<8>           |result1<25>    |   11.406|
b<8>           |result1<26>    |   11.401|
b<8>           |result1<27>    |   11.409|
b<8>           |result1<28>    |   11.684|
b<8>           |result1<29>    |   11.710|
b<8>           |result1<30>    |   11.987|
b<8>           |result1<31>    |   12.492|
b<8>           |result<8>      |    7.999|
b<8>           |result<9>      |    8.294|
b<8>           |result<10>     |    8.579|
b<8>           |result<11>     |    8.575|
b<8>           |result<12>     |    7.537|
b<8>           |result<13>     |    8.278|
b<8>           |result<14>     |    7.304|
b<8>           |result<15>     |    7.550|
b<8>           |result<16>     |    7.907|
b<8>           |result<17>     |    8.155|
b<8>           |result<18>     |    8.577|
b<8>           |result<19>     |    8.576|
b<8>           |result<20>     |    8.574|
b<8>           |result<21>     |    7.629|
b<8>           |result<22>     |    7.907|
b<8>           |result<23>     |    8.453|
b<8>           |result<24>     |    8.156|
b<8>           |result<25>     |    8.722|
b<8>           |result<26>     |    8.157|
b<8>           |result<27>     |    8.954|
b<8>           |result<28>     |    8.522|
b<8>           |result<29>     |    8.279|
b<8>           |result<30>     |    8.276|
b<8>           |result<31>     |    8.309|
---------------+---------------+---------+


Analysis completed Wed Oct 30 17:17:51 2019 
--------------------------------------------------------------------------------

Trace Settings:
-------------------------
Trace Settings 

Peak Memory Usage: 4509 MB



