V3 3
FL "C:/Users/Dell/Documents/aprender vhdl/projeto22.8/projec22.vhd" 2019/10/08.19:42:36 P.20131013
EN work/projec22 1570574559 \
      FL "C:/Users/Dell/Documents/aprender vhdl/projeto22.8/projec22.vhd" \
      PB ieee/NUMERIC_STD 1381692181 PB ieee/std_logic_1164 1381692176
AR work/projec22/Behavioral 1570574560 \
      FL "C:/Users/Dell/Documents/aprender vhdl/projeto22.8/projec22.vhd" \
      EN work/projec22 1570574559
