V3 3
FL "C:/Users/Dell/Documents/aprender vhdl/sobel_x_opertator/sobel_x.vhd" 2020/02/19.12:51:30 P.20131013
EN work/sobel_x 1582127492 \
      FL "C:/Users/Dell/Documents/aprender vhdl/sobel_x_opertator/sobel_x.vhd" \
      PB ieee/std_logic_1164 1381692176 PB ieee/NUMERIC_STD 1381692181 \
      PB std/TEXTIO 1381692176
AR work/sobel_x/behavioral 1582127493 \
      FL "C:/Users/Dell/Documents/aprender vhdl/sobel_x_opertator/sobel_x.vhd" \
      EN work/sobel_x 1582127492
