AR somadorcomsinalesemsinal behavioral "C:/Users/Dell/Documents/aprender vhdl/capitulo 21/exercicio21.7/somadorcomsinalesemsinal.vhd" sub00/vhpl01 1572466646
EN somadorcomsinalesemsinal NULL "C:/Users/Dell/Documents/aprender vhdl/capitulo 21/exercicio21.7/somadorcomsinalesemsinal.vhd" sub00/vhpl00 1572466645
