V3 3
FL "C:/Users/Dell/Documents/aprender vhdl/exercicio6.6/signalgenerator.vhd" 2019/10/21.15:49:30 P.20131013
EN work/signalgenerator 1571684063 \
      FL "C:/Users/Dell/Documents/aprender vhdl/exercicio6.6/signalgenerator.vhd" \
      PB ieee/std_logic_1164 1381692176 PB ieee/NUMERIC_STD 1381692181
AR work/signalgenerator/Behavioral 1571684064 \
      FL "C:/Users/Dell/Documents/aprender vhdl/exercicio6.6/signalgenerator.vhd" \
      EN work/signalgenerator 1571684063
