V3 3
FL "C:/Users/Dell/Documents/aprender vhdl/segundoexemplolivro/segundoexemplo.vhd" 2019/08/27.16:13:04 P.20131013
EN work/segundoexemplo 1566937545 \
      FL "C:/Users/Dell/Documents/aprender vhdl/segundoexemplolivro/segundoexemplo.vhd" \
      PB ieee/std_logic_1164 1381692176
AR work/segundoexemplo/Behavioral 1566937546 \
      FL "C:/Users/Dell/Documents/aprender vhdl/segundoexemplolivro/segundoexemplo.vhd" \
      EN work/segundoexemplo 1566937545
