AR hmmer behavioral "C:/Users/Dell/Documents/aprender vhdl/exercicio6.8/hMMER.vhd" sub00/vhpl03 1571090065
AR hammer behavioral "C:/Users/Dell/Documents/aprender vhdl/exercicio6.8/hammer.vhd" sub00/vhpl01 1571082370
EN hmmer NULL "C:/Users/Dell/Documents/aprender vhdl/exercicio6.8/hMMER.vhd" sub00/vhpl02 1571090064
EN hammer NULL "C:/Users/Dell/Documents/aprender vhdl/exercicio6.8/hammer.vhd" sub00/vhpl00 1571082369
