V3 6
FL "C:/Users/Dell/Documents/aprender vhdl/exercicio6.8/hammer.vhd" 2019/10/13.16:19:15 P.20131013
EN work/hammer 1571082369 \
      FL "C:/Users/Dell/Documents/aprender vhdl/exercicio6.8/hammer.vhd" \
      PB ieee/std_logic_1164 1381692176 PB ieee/NUMERIC_STD 1381692181
AR work/hammer/Behavioral 1571082370 \
      FL "C:/Users/Dell/Documents/aprender vhdl/exercicio6.8/hammer.vhd" \
      EN work/hammer 1571082369
FL "C:/Users/Dell/Documents/aprender vhdl/exercicio6.8/hMMER.vhd" 2019/10/14.18:54:21 P.20131013
EN work/hMMER 1571090064 \
      FL "C:/Users/Dell/Documents/aprender vhdl/exercicio6.8/hMMER.vhd" \
      PB ieee/std_logic_1164 1381692176 PB ieee/NUMERIC_STD 1381692181
AR work/hMMER/Behavioral 1571090065 \
      FL "C:/Users/Dell/Documents/aprender vhdl/exercicio6.8/hMMER.vhd" \
      EN work/hMMER 1571090064
