V3 3
FL "C:/Users/Dell/Documents/aprender vhdl/somadocarrylockahead/somadorcarrylockahead.vhd" 2019/09/09.16:35:24 P.20131013
EN work/somadorcarrylockahead 1568057741 \
      FL "C:/Users/Dell/Documents/aprender vhdl/somadocarrylockahead/somadorcarrylockahead.vhd" \
      PB ieee/std_logic_1164 1381692176
AR work/somadorcarrylockahead/Behavioral 1568057742 \
      FL "C:/Users/Dell/Documents/aprender vhdl/somadocarrylockahead/somadorcarrylockahead.vhd" \
      EN work/somadorcarrylockahead 1568057741
