V3 3
FL "C:/Users/Dell/Documents/aprender vhdl/componente/fulladder.vhd" 2019/08/28.16:52:05 P.20131013
EN work/fulladder 1567021931 \
      FL "C:/Users/Dell/Documents/aprender vhdl/componente/fulladder.vhd" \
      PB ieee/std_logic_1164 1381692176
AR work/fulladder/Behavioral 1567021932 \
      FL "C:/Users/Dell/Documents/aprender vhdl/componente/fulladder.vhd" \
      EN work/fulladder 1567021931
