EN geradordesinaisdeduasjanelas NULL "C:/Users/Dell/Documents/aprender vhdl/exercicio23.4a/geradordesinaisdeduasjanelas.vhd" sub00/vhpl00 1573474122
AR geradordesinaisdeduasjanelas behavioral "C:/Users/Dell/Documents/aprender vhdl/exercicio23.4a/geradordesinaisdeduasjanelas.vhd" sub00/vhpl01 1573474123
