V3 3
FL "C:/Users/Dell/Documents/aprender vhdl/exercicio23.4a/geradordesinaisdeduasjanelas.vhd" 2019/11/11.09:08:39 P.20131013
EN work/geradordesinaisdeduasjanelas 1573474122 \
      FL "C:/Users/Dell/Documents/aprender vhdl/exercicio23.4a/geradordesinaisdeduasjanelas.vhd" \
      PB ieee/std_logic_1164 1381692176
AR work/geradordesinaisdeduasjanelas/Behavioral 1573474123 \
      FL "C:/Users/Dell/Documents/aprender vhdl/exercicio23.4a/geradordesinaisdeduasjanelas.vhd" \
      EN work/geradordesinaisdeduasjanelas 1573474122
