EN exemplolivro1 NULL "C:/Users/Dell/Documents/aprender vhdl/exemplolivro1.vhd" sub00/vhpl02 1565811282
AR exemplolivro1 behavioral "C:/Users/Dell/Documents/aprender vhdl/exemplolivro1.vhd" sub00/vhpl03 1565811283
AR teste1 behavioral "C:/Users/Dell/Documents/aprender vhdl/teste2/teste2.vhd" sub00/vhpl01 1565727502
EN teste1 NULL "C:/Users/Dell/Documents/aprender vhdl/teste2/teste2.vhd" sub00/vhpl00 1565727501
