V3 3
FL "C:/Users/Dell/Documents/aprender vhdl/exercicio21.5/comparadorcomsinal.vhd" 2019/09/12.18:24:02 P.20131013
EN work/comparadorcomsinal 1568323445 \
      FL "C:/Users/Dell/Documents/aprender vhdl/exercicio21.5/comparadorcomsinal.vhd" \
      PB ieee/NUMERIC_STD 1381692181 PB ieee/std_logic_1164 1381692176
AR work/comparadorcomsinal/Behavioral 1568323446 \
      FL "C:/Users/Dell/Documents/aprender vhdl/exercicio21.5/comparadorcomsinal.vhd" \
      EN work/comparadorcomsinal 1568323445
