V3 3
FL "C:/Users/Dell/Documents/aprender vhdl/project1/decodificadordeendereco.vhd" 2019/08/29.16:03:38 P.20131013
EN work/decodificadordeendereco 1567105480 \
      FL "C:/Users/Dell/Documents/aprender vhdl/project1/decodificadordeendereco.vhd" \
      PB ieee/std_logic_1164 1381692176
AR work/decodificadordeendereco/Behavioral 1567105481 \
      FL "C:/Users/Dell/Documents/aprender vhdl/project1/decodificadordeendereco.vhd" \
      EN work/decodificadordeendereco 1567105480
