V3 3
FL "C:/Users/Dell/Documents/aprender vhdl/contadorcomonolivro/contadorsimples.vhd" 2019/10/21.16:36:41 P.20131013
EN work/contadorsimples 1571686605 \
      FL "C:/Users/Dell/Documents/aprender vhdl/contadorcomonolivro/contadorsimples.vhd" \
      PB ieee/std_logic_1164 1381692176
AR work/contadorsimples/Behavioral 1571686606 \
      FL "C:/Users/Dell/Documents/aprender vhdl/contadorcomonolivro/contadorsimples.vhd" \
      EN work/contadorsimples 1571686605
