EN fulladder NULL "C:/Users/Dell/Documents/aprender vhdl/componente/fulladder.vhd" sub00/vhpl02 1567029259
AR codigoprincipal behavioral "C:/Users/Dell/Documents/aprender vhdl/codigoprincipal/codigoprincipal.vhd" sub00/vhpl01 1567029262
EN codigoprincipal NULL "C:/Users/Dell/Documents/aprender vhdl/codigoprincipal/codigoprincipal.vhd" sub00/vhpl00 1567029261
AR fulladder behavioral "C:/Users/Dell/Documents/aprender vhdl/componente/fulladder.vhd" sub00/vhpl03 1567029260
