AR importa_imagens behavioral "C:/Users/Dell/Documents/aprender vhdl/teste2/importa_imagens.vhd" sub00/vhpl01 1581545459
EN importa_imagens NULL "C:/Users/Dell/Documents/aprender vhdl/teste2/importa_imagens.vhd" sub00/vhpl00 1581545458
AR importar_batman behavioral "C:/Users/Dell/Documents/aprender vhdl/teste2/importar_batman.vhd" sub00/vhpl05 1581610844
EN importar_batman NULL "C:/Users/Dell/Documents/aprender vhdl/teste2/importar_batman.vhd" sub00/vhpl04 1581610843
EN read_image_vhdl NULL "C:/Users/Dell/Documents/aprender vhdl/teste2/read_image_vhdl.vhd" sub00/vhpl02 1581592844
AR read_image_vhdl behavioral "C:/Users/Dell/Documents/aprender vhdl/teste2/read_image_vhdl.vhd" sub00/vhpl03 1581592845
